// Jest Snapshot v1, https://goo.gl/fbAQLP

exports[`should render ExpenseList with empty message 1`] = `
<div>
  <p>
    No expenses
  </p>
</div>
`;

exports[`should render ExpenseList with expenses 1`] = `
<div>
  <Connect(ExpenseListItem)
    amount={195}
    createdAt={0}
    description="A"
    id="1"
    key="1"
    note=""
  />
  <Connect(ExpenseListItem)
    amount={123}
    createdAt={-345600000}
    description="B"
    id="2"
    key="2"
    note=""
  />
  <Connect(ExpenseListItem)
    amount={145}
    createdAt={259200000}
    description="C"
    id="3"
    key="3"
    note=""
  />
  <Connect(ExpenseListItem)
    amount={166}
    createdAt={86400000}
    description="D"
    id="4"
    key="4"
    note=""
  />
  <Connect(ExpenseListItem)
    amount={23}
    createdAt={-86400000}
    description="E"
    id="5"
    key="5"
    note=""
  />
</div>
`;
